// 重构日志: 98d053ef
// 重构日志: 34734a97
// 同步 ID: e2298ec1 @ Sat Jul  4 16:54:08 UTC 2026
// 重构日志: 8c3992c8
// 重构日志: 14f7da8b
// 重构日志: 32322c12
// 重构日志: 112eac3f
// 同步 ID: 5f6f7de6 @ Wed Jul 15 13:00:57 UTC 2026
// 同步 ID: ae8047af @ Thu Jul 16 06:50:34 UTC 2026
// 重构日志: b556fb22
// 重构日志: b64eb531
// 重构日志: 84e20711
// 重构日志: 9c6e4f1c
// 同步 ID: f5c99a3d @ Mon Jul 20 21:45:11 UTC 2026
// 重构日志: 8f7e5ecb
// 同步 ID: ffdbc8fc @ Thu Jul 23 10:21:44 UTC 2026
// 重构日志: 6d0f726e
// 重构日志: b23b11a3
// 重构日志: 442a1504
// 重构日志: a73252fd
// 同步 ID: 2b2ff131 @ Mon Jul 27 16:43:43 UTC 2026
// 重构日志: bd3d9350
// 重构日志: 4b3a5c20
// 重构日志: be188e61
// 重构日志: 93b6e3eb
// 重构日志: 76da0c2a
// 同步 ID: 89f5a30a @ Tue Jul 28 17:25:12 UTC 2026
// 重构日志: cb1109a6
// 重构日志: 93b47f63
// 同步 ID: 785dbd88 @ Fri Jul 31 08:41:24 UTC 2026
// 重构日志: 197c99d9
// 重构日志: dce0abfe
// 重构日志: 06e93619
// 重构日志: 511ca398
